---
source: sapiens_tools/src/arxiv.rs
expression: yaml
---
result:
  - id: "http://arxiv.org/abs/2012.14234v1"
    updated: "2020-12-28T14:03:18Z"
    published: "2020-12-28T14:03:18Z"
    title: "Recommending Courses in MOOCs for Jobs: An Auto Weak Supervision Approach"
    authors:
      - Bowen Hao
      - Jing Zhang
      - Cuiping Li
      - Hong Chen
      - Hongzhi Yin
    pdf_url: ""
  - id: "http://arxiv.org/abs/2012.13677v1"
    updated: "2020-12-26T04:45:40Z"
    published: "2020-12-26T04:45:40Z"
    title: Toward Compact Data from Big Data
    authors:
      - " Song-Kyoo"
      - " Kim"
    pdf_url: ""
  - id: "http://arxiv.org/abs/1904.08010v1"
    updated: "2019-04-16T23:16:56Z"
    published: "2019-04-16T23:16:56Z"
    title: How to define co-occurrence in different domains of study?
    authors:
      - Mathieu Roche
    pdf_url: ""
  - id: "http://arxiv.org/abs/1905.02828v1"
    updated: "2019-05-07T22:31:49Z"
    published: "2019-05-07T22:31:49Z"
    title: A SAT-based System for Consistent Query Answering
    authors:
      - Akhil A. Dixit
      - Phokion G. Kolaitis
    pdf_url: ""
