---
source: sapiens_exp/src/tools/scenario_0.rs
expression: description
---
- name: Closet
  description: place where to find stuffs
  input_format:
    get: "<ClosetObject> what to get: Bowl, Cereal, Milk"
  output_format:
    found: "<bool> was the object found?"
    object: "<Optional[ClosetObject]> what was found? (if any) (optional)"
- name: Mixing
  description: when you need to mix things in a container
  input_format:
    container: "<Container> what to pour in. Value can be: Bowl."
    pourable: "<Pourable> what to pour. Value can be: Cereal or Milk."
  output_format:
    added: "<bool> was it poured?"
    object: "<Optional[Pourable]> what was poured? (if any) (optional)"
- name: Serving
  description: when the meal is ready to be served
  input_format:
    serveable: "<Serveable> what to serve. Value can be: Bowl."
  output_format:
    accepted: "<bool> was it accepted? if not, maybe the bowl was not ready to be served."

